tsubasa@Mac ~ % mkdir git_challenge
tsubasa@Mac ~ % cd git_challengr
cd: no such file or directory: git_challengr
tsubasa@Mac ~ % cd git_challenge
tsubasa@Mac git_challenge % git init
Initialized empty Git repository in /Users/tsubasa/git_challenge/.git/
tsubasa@Mac git_challenge % echo 'Hellow,World!' >hellow_world.txt
tsubasa@Mac git_challenge % git add hellow_world.txt
tsubasa@Mac git_challenge % git commit -m 'Hellow,World!'
[main (root-commit) a0bf891] Hellow,World!
 1 file changed, 1 insertion(+)
 create mode 100644 hellow_world.txt
tsubasa@Mac git_challenge % echo 'こんにちは、世界！' >>hellow_world.txt
tsubasa@Mac git_challenge % git add hellow_world.txt
tsubasa@Mac git_challenge % git commit -m 'こんにちは、世界！'
[main 8770172] こんにちは、世界！
 1 file changed, 1 insertion(+)
tsubasa@Mac git_challenge % git log --oneline
8770172 (HEAD -> main) こんにちは、世界！
a0bf891 Hellow,World!
tsubasa@Mac git_challenge % 

















